// Jest Snapshot v1, https://goo.gl/fbAQLP

exports[`ActionComponent shallow wrapper should render succesfully with snapshots 1`] = `
<div
  className="action-component"
>
  <button
    className="ant-btn"
    disabled={false}
    onClick={[Function]}
    type="button"
    value={-1}
  >
    <span>
      -1
    </span>
  </button>
  <button
    className="ant-btn"
    disabled={false}
    onClick={[Function]}
    type="button"
    value={0}
  >
    <span>
      0
    </span>
  </button>
  <button
    className="ant-btn"
    disabled={false}
    onClick={[Function]}
    type="button"
    value={1}
  >
    <span>
      1
    </span>
  </button>
</div>
`;
